--------------------------------------------------------------------------------------
Timing Analyzer Summary
--------------------------------------------------------------------------------------

Type           : Worst-case tsu
Slack          : N/A
Required Time  : None
Actual Time    : 3.935 ns
From           : w[2]
To             : Y.C_125
From Clock     : --
To Clock       : w[2]
Failed Paths   : 0

Type           : Worst-case tco
Slack          : N/A
Required Time  : None
Actual Time    : 8.655 ns
From           : Q$latch
To             : Q
From Clock     : w[2]
To Clock       : --
Failed Paths   : 0

Type           : Worst-case th
Slack          : N/A
Required Time  : None
Actual Time    : -1.330 ns
From           : w[1]
To             : Y.D_144
From Clock     : --
To Clock       : w[2]
Failed Paths   : 0

Type           : Clock Setup: 'Clock'
Slack          : N/A
Required Time  : None
Actual Time    : 285.88 MHz ( period = 3.498 ns )
From           : Y.C_125
To             : y.C
From Clock     : Clock
To Clock       : Clock
Failed Paths   : 0

Type           : Clock Hold: 'Clock'
Slack          : Not operational: Clock Skew > Data Delay
Required Time  : None
Actual Time    : N/A
From           : y.B
To             : Y.C_125
From Clock     : Clock
To Clock       : Clock
Failed Paths   : 2

Type           : Total number of failed paths
Slack          : 
Required Time  : 
Actual Time    : 
From           : 
To             : 
From Clock     : 
To Clock       : 
Failed Paths   : 2

--------------------------------------------------------------------------------------

